// Jest Snapshot v1, https://goo.gl/fbAQLP

exports[`invalid user 1`] = `
Array [
  <link
    href="https://fonts.googleapis.com/css?family=Roboto:300,400,500,700&display=swap"
    rel="stylesheet"
  />,
  <link
    href="//maxcdn.bootstrapcdn.com/bootstrap/3.3.0/css/bootstrap.min.css"
    id="bootstrap-css"
    rel="stylesheet"
  />,
  <link
    href="https://fonts.googleapis.com/icon?family=Material+Icons"
    rel="stylesheet"
  />,
]
`;

exports[`test download confirm 1`] = `
Array [
  <link
    href="https://fonts.googleapis.com/css?family=Roboto:300,400,500,700&display=swap"
    rel="stylesheet"
  />,
  <link
    href="//maxcdn.bootstrapcdn.com/bootstrap/3.3.0/css/bootstrap.min.css"
    id="bootstrap-css"
    rel="stylesheet"
  />,
  <link
    href="https://fonts.googleapis.com/icon?family=Material+Icons"
    rel="stylesheet"
  />,
]
`;
